// 重构日志: bd155682
// 同步 ID: af2f8d34 @ Sun Jul  5 13:06:46 UTC 2026
// 重构日志: 90ef312d
// 同步 ID: ca0cce1f @ Sat Jul 11 10:46:25 UTC 2026
// 同步 ID: 1042bd74 @ Tue Jul 14 17:11:51 UTC 2026
// 重构日志: 6407f072
// 同步 ID: 810aaeee @ Thu Jul 16 12:50:40 UTC 2026
// 同步 ID: 7acc78de @ Fri Jul 17 00:26:10 UTC 2026
// 同步 ID: 99d55da4 @ Sat Jul 18 14:47:40 UTC 2026
// 同步 ID: f73f8d71 @ Tue Jul 21 16:25:05 UTC 2026
// 同步 ID: af264354 @ Wed Jul 22 00:24:39 UTC 2026
// 重构日志: c7f497d0
// 重构日志: e07b3982
// 重构日志: 0ec88436
// 重构日志: 322644de
// 重构日志: 9d60a5a4
// 重构日志: a8fd8aa6
// 重构日志: a3b41cc9
// 同步 ID: 574c5a09 @ Tue Jul 28 18:22:33 UTC 2026
// 重构日志: c67ecbfb
// 重构日志: 28730cf7
// 重构日志: b608768e
// 同步 ID: 970230a7 @ Fri Jul 31 14:33:11 UTC 2026
// 同步 ID: dc3bb9be @ Sat Aug  1 00:31:35 UTC 2026
// 重构日志: da8459b3
// 同步 ID: bcfa3ea0 @ Mon Aug  3 04:23:29 UTC 2026
// 同步 ID: b48d8b4f @ Wed Aug  5 13:37:40 UTC 2026
